// Jest Snapshot v1, https://goo.gl/fbAQLP

exports[`<App /> should render and match the snapshot 1`] = `
<BrowserRouter>
  <Helmet
    defaultTitle="React Boilerplate"
    defer={true}
    encodeSpecialCharacters={true}
    htmlAttributes={
      Object {
        "lang": undefined,
      }
    }
    titleTemplate="%s - React Boilerplate"
  >
    <meta
      content="A React Boilerplate application"
      name="description"
    />
    <meta
      content="width=device-width, initial-scale=1, shrink-to-fit=no"
      name="viewport"
    />
  </Helmet>
  <Unknown
    theme={
      Object {
        "bodyBackground": "#ffffff",
        "colors": Object {
          "black": "#000000",
          "dark": "#222222",
          "grey": "#888888",
          "lightBlack": "#0a0000",
          "lightGrey": "#bfbfbf",
          "primary": "#00c483",
          "semiDark": "#333333",
          "semiGrey": "#555555",
          "softGrey": "#eeeeee",
          "white": "#ffffff",
        },
        "headingColor": "#222222",
        "primary": "#00c483",
        "textColor": "#888888",
      }
    }
  >
    <b>
      <Unknown>
        <Unknown>
          <Unknown />
          <Unknown />
        </Unknown>
        <Unknown>
          <Switch>
            <Route
              component={[Function]}
              exact={true}
              path="/"
            />
            <Route
              component={[Function]}
              exact={true}
              path="/skills"
            />
            <Route
              component={[Function]}
              exact={true}
              path="/works"
            />
            <Route
              component={[Function]}
            />
          </Switch>
        </Unknown>
      </Unknown>
    </b>
    <Memo(l) />
    <Memo(l) />
  </Unknown>
</BrowserRouter>
`;
